Archive member included because of file (symbol)

c:/winavr-20090313/bin/../lib/gcc/avr/4.3.2/avr5\libgcc.a(_udivmodqi4.o)
                              SYS_asy.o (__udivmodqi4)
c:/winavr-20090313/bin/../lib/gcc/avr/4.3.2/avr5\libgcc.a(_exit.o)
                              c:/winavr-20090313/bin/../lib/gcc/avr/4.3.2/../../../../avr/lib/avr5/crtm328p.o (exit)
c:/winavr-20090313/bin/../lib/gcc/avr/4.3.2/avr5\libgcc.a(_copy_data.o)
                              SYS_intCRT_ICF1.o (__do_copy_data)
c:/winavr-20090313/bin/../lib/gcc/avr/4.3.2/avr5\libgcc.a(_clear_bss.o)
                              A_APP_Ini.o (__do_clear_bss)

Allocating common symbols
Common symbol       size              file

vram_line           0xa0              A_CRT_Ini.o
CSLmodeSYS_1        0x1               A_APP_Ini.o
UHcycleBlink        0x2               A_APP_Ini.o
isLED_ON            0x1               A_APP_Ini.o
f_CountStone        0x1               A_APP_Ini.o
UB_TMP_data         0x1               A_APP_Ini.o
f_sys_mon           0x1               A_APP_Ini.o
UBC_Stone           0x1               A_APP_Ini.o
CSLmodeSYS_n        0x1               A_APP_Ini.o
UH_AddressGRPdata   0x2               A_CRT_Ini.o
UB_PLK_num_n        0x1               A_APP_Ini.o
vram_txtbuf         0x14              A_CRT_Ini.o
UBCT_500ms          0x1               A_SYS_Ini.o
UBC_wave_negi       0x1               A_APP_Ini.o
f_scroll_req        0x1               A_APP_Ini.o
UH_AddressCG        0x2               A_CRT_Ini.o
UB_AD_cds_1         0x1               A_APP_Ini.o
UB_cg_line          0x1               A_CRT_Ini.o
p_vram              0x2               A_CRT_Ini.o
UH_AddressVr        0x2               A_CRT_Ini.o
UB_grp_num          0x1               A_CRT_Ini.o
UB_char_line        0x1               A_CRT_Ini.o
UH_cg_ofs_add       0x2               A_CRT_Ini.o
UB_DLY_icf1_BUF     0x1               A_SYS_Ini.o
f_cds_dark          0x1               A_APP_Ini.o
UB_Mes_Stone        0xa               A_APP_Ini.o
UB_csl_line         0x1               A_CRT_Ini.o
f_mon_req           0x1               A_APP_Ini.o
p_scl_tbl           0x1               A_APP_Ini.o
UBcommand           0x1               A_APP_Ini.o
UB_AD_cds           0x1               A_APP_Ini.o
UHcount_blinkLMT    0x2               A_APP_Ini.o
f_Sound_on_req      0x1               A_APP_Ini.o
UB_h_line           0x1               A_CRT_Ini.o
UBmodeCRT           0x1               A_APP_Ini.o
UBmodeCRTtbl        0x1               A_APP_Ini.o
UH_Tclock           0x2               A_APP_Ini.o
f_done_CSL          0x1               A_APP_Ini.o
UH_h_line           0x2               A_CRT_Ini.o
UB_thin_n           0x1               A_CRT_Ini.o
UB_p_Stone          0x1               A_APP_Ini.o
UBC_stsCRT_limit    0x1               A_APP_Ini.o
f_SYS_16500us_req   0x1               A_SYS_Ini.o
UHcount_blink       0x2               A_APP_Ini.o
UBmodeSYS           0x1               A_APP_Ini.o
UB_CETK_num_n       0x1               A_APP_Ini.o
UBT_CheckSTBY       0x1               A_APP_Ini.o
f_blink_req         0x1               A_APP_Ini.o
UH_TCNT1            0x2               A_SYS_Ini.o
UB_isCSL_MON        0x1               A_APP_Ini.o
vram_txt            0x14              A_CRT_Ini.o
UB_DLY_icf1         0x1               A_SYS_Ini.o
UBT_Change_CSL      0x1               A_APP_Ini.o
UB_FAM_num_n        0x1               A_APP_Ini.o

Memory Configuration

Name             Origin             Length             Attributes
text             0x00000000         0x00020000         xr
data             0x00800060         0x0000ffa0         rw !x
eeprom           0x00810000         0x00010000         rw !x
fuse             0x00820000         0x00000400         rw !x
lock             0x00830000         0x00000400         rw !x
signature        0x00840000         0x00000400         rw !x
*default*        0x00000000         0xffffffff

Linker script and memory map

Address of section .data set to 0x800100
LOAD c:/winavr-20090313/bin/../lib/gcc/avr/4.3.2/../../../../avr/lib/avr5/crtm328p.o
LOAD A_APP_Ini.o
LOAD SYS_iniPort.o
LOAD SYS_iniCPU.o
LOAD SYS_iniINT.o
LOAD A_SYS_Ini.o
LOAD CRT_icf1_DBG.o
LOAD A_CRT_Ini.o
LOAD SYS_intCRT_ICF1.o
LOAD SYS_main.o
LOAD SYS_asy.o
LOAD SYS_iniWDT.o
LOAD CRT_OutDataL.o
LOAD CRT_FitDelay.o
LOAD APP_blinkLED.o
LOAD CRT_OutDataH.o
LOAD A_CSL_Ini.o
LOAD SYS_iniUSART.o
LOAD CSL_Set_test_data.o
LOAD CSL_Clear.o
LOAD CRT_OutDataCLS.o
LOAD CRT_SetDataVrL.o
LOAD CRT_Set_VramLine.o
LOAD CRT_icf1_GRP160_120.o
LOAD APP_Display_ram.o
LOAD APP_htoa.o
LOAD SYS_iniADC.o
LOAD SYS_iniPWM2.o
LOAD APP_Check_sts_CRT.o
LOAD CSL_Scroll.o
LOAD APP_Check_cds_in.o
LOAD APP_Check_sts_SYS.o
LOAD APP_Sound_CETK.o
LOAD APP_Sound_Famima.o
LOAD APP_Sound_Polka.o
LOAD APP_Set_CSL.o
LOAD CSL_Blinkl.o
LOAD CSL_Crear_bar.o
LOAD CSL_Set_bar_data.o
LOAD c:/winavr-20090313/bin/../lib/gcc/avr/4.3.2/avr5\libgcc.a
LOAD c:/winavr-20090313/bin/../lib/gcc/avr/4.3.2/../../../../avr/lib/avr5\libc.a
LOAD c:/winavr-20090313/bin/../lib/gcc/avr/4.3.2/avr5\libgcc.a

.hash
 *(.hash)

.dynsym
 *(.dynsym)

.dynstr
 *(.dynstr)

.gnu.version
 *(.gnu.version)

.gnu.version_d
 *(.gnu.version_d)

.gnu.version_r
 *(.gnu.version_r)

.rel.init
 *(.rel.init)

.rela.init
 *(.rela.init)

.rel.text
 *(.rel.text)
 *(.rel.text.*)
 *(.rel.gnu.linkonce.t*)

.rela.text
 *(.rela.text)
 *(.rela.text.*)
 *(.rela.gnu.linkonce.t*)

.rel.fini
 *(.rel.fini)

.rela.fini
 *(.rela.fini)

.rel.rodata
 *(.rel.rodata)
 *(.rel.rodata.*)
 *(.rel.gnu.linkonce.r*)

.rela.rodata
 *(.rela.rodata)
 *(.rela.rodata.*)
 *(.rela.gnu.linkonce.r*)

.rel.data
 *(.rel.data)
 *(.rel.data.*)
 *(.rel.gnu.linkonce.d*)

.rela.data
 *(.rela.data)
 *(.rela.data.*)
 *(.rela.gnu.linkonce.d*)

.rel.ctors
 *(.rel.ctors)

.rela.ctors
 *(.rela.ctors)

.rel.dtors
 *(.rel.dtors)

.rela.dtors
 *(.rela.dtors)

.rel.got
 *(.rel.got)

.rela.got
 *(.rela.got)

.rel.bss
 *(.rel.bss)

.rela.bss
 *(.rela.bss)

.rel.plt
 *(.rel.plt)

.rela.plt
 *(.rela.plt)

.text           0x00000000     0x77e6
 *(.vectors)
 .vectors       0x00000000       0x68 c:/winavr-20090313/bin/../lib/gcc/avr/4.3.2/../../../../avr/lib/avr5/crtm328p.o
                0x00000000                __vectors
                0x00000000                __vector_default
 *(.vectors)
 *(.progmem.gcc*)
 *(.progmem*)
 .progmem.data  0x00000068       0xf0 A_APP_Ini.o
                0x000000b4                SCLT_CETK
                0x00000068                ad_dmem
                0x000000ba                SCL_polka
                0x0000009f                SCLT_famima
                0x00000109                SCLT_polka
                0x00000078                SCL_data
                0x00000090                SCL_famima
                0x000000ae                SCL_CETK
 .progmem.data  0x00000158     0x6016 A_CRT_Ini.o
                0x00004cf8                cg_code
                0x00004c58                TEST_data
                0x00000158                GRP_data
 .progmem.data  0x0000616e       0x3c A_CSL_Ini.o
                0x00006182                CSL_WAICMD_data
                0x00006196                CSL_NEGIFURI_data
                0x0000616e                CSL_STBY_data
                0x000061aa                . = ALIGN (0x2)
                0x000061aa                __trampolines_start = .
 *(.trampolines)
 .trampolines   0x000061aa        0x0 linker stubs
 *(.trampolines*)
                0x000061aa                __trampolines_end = .
 *(.jumptables)
 *(.jumptables*)
 *(.lowtext)
 *(.lowtext*)
                0x000061aa                __ctors_start = .
 *(.ctors)
                0x000061aa                __ctors_end = .
                0x000061aa                __dtors_start = .
 *(.dtors)
                0x000061aa                __dtors_end = .
 SORT(*)(.ctors)
 SORT(*)(.dtors)
 *(.init0)
 .init0         0x000061aa        0x0 c:/winavr-20090313/bin/../lib/gcc/avr/4.3.2/../../../../avr/lib/avr5/crtm328p.o
                0x000061aa                __init
 *(.init0)
 *(.init1)
 *(.init1)
 *(.init2)
 .init2         0x000061aa        0xc c:/winavr-20090313/bin/../lib/gcc/avr/4.3.2/../../../../avr/lib/avr5/crtm328p.o
 *(.init2)
 *(.init3)
 *(.init3)
 *(.init4)
 .init4         0x000061b6       0x16 c:/winavr-20090313/bin/../lib/gcc/avr/4.3.2/avr5\libgcc.a(_copy_data.o)
                0x000061b6                __do_copy_data
 .init4         0x000061cc       0x10 c:/winavr-20090313/bin/../lib/gcc/avr/4.3.2/avr5\libgcc.a(_clear_bss.o)
                0x000061cc                __do_clear_bss
 *(.init4)
 *(.init5)
 *(.init5)
 *(.init6)
 *(.init6)
 *(.init7)
 *(.init7)
 *(.init8)
 *(.init8)
 *(.init9)
 .init9         0x000061dc        0x8 c:/winavr-20090313/bin/../lib/gcc/avr/4.3.2/../../../../avr/lib/avr5/crtm328p.o
 *(.init9)
 *(.text)
 .text          0x000061e4        0x4 c:/winavr-20090313/bin/../lib/gcc/avr/4.3.2/../../../../avr/lib/avr5/crtm328p.o
                0x000061e4                __vector_22
                0x000061e4                __vector_1
                0x000061e4                __vector_24
                0x000061e4                __vector_12
                0x000061e4                __bad_interrupt
                0x000061e4                __vector_6
                0x000061e4                __vector_3
                0x000061e4                __vector_23
                0x000061e4                __vector_25
                0x000061e4                __vector_11
                0x000061e4                __vector_13
                0x000061e4                __vector_17
                0x000061e4                __vector_19
                0x000061e4                __vector_7
                0x000061e4                __vector_5
                0x000061e4                __vector_4
                0x000061e4                __vector_9
                0x000061e4                __vector_2
                0x000061e4                __vector_21
                0x000061e4                __vector_15
                0x000061e4                __vector_8
                0x000061e4                __vector_14
                0x000061e4                __vector_16
                0x000061e4                __vector_18
                0x000061e4                __vector_20
 .text          0x000061e8       0x60 A_APP_Ini.o
                0x000061e8                A_APP_Ini
 .text          0x00006248       0x14 SYS_iniPort.o
                0x00006248                SYS_iniPort
 .text          0x0000625c       0x12 SYS_iniCPU.o
                0x0000625c                SYS_iniCPU
 .text          0x0000626e        0x8 SYS_iniINT.o
                0x0000626e                SYS_iniINT
 .text          0x00006276        0x6 A_SYS_Ini.o
                0x00006276                A_SYS_Ini
 .text          0x0000627c       0x96 CRT_icf1_DBG.o
                0x0000627c                CRT_icf1_DBG
 .text          0x00006312       0x3a A_CRT_Ini.o
                0x00006312                A_CRT_Ini
 .text          0x0000634c       0x6a SYS_intCRT_ICF1.o
                0x0000634c                __vector_10
 .text          0x000063b6       0x38 SYS_main.o
                0x000063b6                main
 .text          0x000063ee       0xac SYS_asy.o
                0x000063ee                SYS_asy
 .text          0x0000649a       0x16 SYS_iniWDT.o
                0x0000649a                SYS_iniWDT
 .text          0x000064b0      0x3c6 CRT_OutDataL.o
                0x000064b0                CRT_OutDataL
 .text          0x00006876       0xbc CRT_FitDelay.o
                0x00006876                CRT_FitDelay
 .text          0x00006932       0x5c APP_blinkLED.o
                0x00006932                APP_blinkLED
 .text          0x0000698e      0x3c6 CRT_OutDataH.o
                0x0000698e                CRT_OutDataH
 .text          0x00006d54        0x8 A_CSL_Ini.o
                0x00006d54                A_CSL_Ini
 .text          0x00006d5c       0x1e SYS_iniUSART.o
                0x00006d5c                SYS_iniUSART
 .text          0x00006d7a       0xc8 CSL_Set_test_data.o
                0x00006d7a                CSL_Set_test_data
 .text          0x00006e42       0x10 CSL_Clear.o
                0x00006e42                CSL_Clear
 .text          0x00006e52      0x286 CRT_OutDataCLS.o
                0x00006e52                CRT_OutDataCLS
 .text          0x000070d8       0x22 CRT_SetDataVrL.o
                0x000070d8                CRT_SetDataVrL
 .text          0x000070fa       0x70 CRT_Set_VramLine.o
                0x000070fa                CRT_Set_VramLine
 .text          0x0000716a      0x100 CRT_icf1_GRP160_120.o
                0x0000716a                CRT_icf1_GRP160_120
 .text          0x0000726a       0x5c APP_Display_ram.o
                0x0000726a                APP_Display_ram
 .text          0x000072c6        0xc APP_htoa.o
                0x000072c6                APP_htoa
 .text          0x000072d2       0x1a SYS_iniADC.o
                0x000072d2                SYS_iniADC
 .text          0x000072ec       0x18 SYS_iniPWM2.o
                0x000072ec                SYS_iniPWM2
 .text          0x00007304       0x9a APP_Check_sts_CRT.o
                0x00007304                APP_Check_sts_CRT
 .text          0x0000739e       0x38 CSL_Scroll.o
                0x0000739e                CSL_Scroll
 .text          0x000073d6      0x166 APP_Check_cds_in.o
                0x000073d6                APP_Check_cds_in
 .text          0x0000753c       0x28 APP_Check_sts_SYS.o
                0x0000753c                APP_Check_sts_SYS
 .text          0x00007564       0x70 APP_Sound_CETK.o
                0x00007564                APP_Sound_CETK
 .text          0x000075d4       0x84 APP_Sound_Famima.o
                0x000075d4                APP_Sound_Famima
 .text          0x00007658       0x7e APP_Sound_Polka.o
                0x00007658                APP_Sound_Polka
 .text          0x000076d6       0xa2 APP_Set_CSL.o
                0x000076d6                APP_Set_CSL
 .text          0x00007778       0x2c CSL_Blinkl.o
                0x00007778                CSL_Blink
 .text          0x000077a4       0x10 CSL_Crear_bar.o
                0x000077a4                CSL_Clear_bar
 .text          0x000077b4       0x16 CSL_Set_bar_data.o
                0x000077b4                CSL_Set_bar_data
 .text          0x000077ca        0x0 c:/winavr-20090313/bin/../lib/gcc/avr/4.3.2/avr5\libgcc.a(_udivmodqi4.o)
 .text          0x000077ca        0x0 c:/winavr-20090313/bin/../lib/gcc/avr/4.3.2/avr5\libgcc.a(_exit.o)
 .text          0x000077ca        0x0 c:/winavr-20090313/bin/../lib/gcc/avr/4.3.2/avr5\libgcc.a(_copy_data.o)
 .text          0x000077ca        0x0 c:/winavr-20090313/bin/../lib/gcc/avr/4.3.2/avr5\libgcc.a(_clear_bss.o)
                0x000077ca                . = ALIGN (0x2)
 *(.text.*)
 .text.libgcc   0x000077ca       0x18 c:/winavr-20090313/bin/../lib/gcc/avr/4.3.2/avr5\libgcc.a(_udivmodqi4.o)
                0x000077ca                __udivmodqi4
 .text.libgcc   0x000077e2        0x0 c:/winavr-20090313/bin/../lib/gcc/avr/4.3.2/avr5\libgcc.a(_exit.o)
 .text.libgcc   0x000077e2        0x0 c:/winavr-20090313/bin/../lib/gcc/avr/4.3.2/avr5\libgcc.a(_copy_data.o)
 .text.libgcc   0x000077e2        0x0 c:/winavr-20090313/bin/../lib/gcc/avr/4.3.2/avr5\libgcc.a(_clear_bss.o)
                0x000077e2                . = ALIGN (0x2)
 *(.fini9)
 .fini9         0x000077e2        0x0 c:/winavr-20090313/bin/../lib/gcc/avr/4.3.2/avr5\libgcc.a(_exit.o)
                0x000077e2                exit
                0x000077e2                _exit
 *(.fini9)
 *(.fini8)
 *(.fini8)
 *(.fini7)
 *(.fini7)
 *(.fini6)
 *(.fini6)
 *(.fini5)
 *(.fini5)
 *(.fini4)
 *(.fini4)
 *(.fini3)
 *(.fini3)
 *(.fini2)
 *(.fini2)
 *(.fini1)
 *(.fini1)
 *(.fini0)
 .fini0         0x000077e2        0x4 c:/winavr-20090313/bin/../lib/gcc/avr/4.3.2/avr5\libgcc.a(_exit.o)
 *(.fini0)
                0x000077e6                _etext = .

.data           0x00800100        0xc load address 0x000077e6
                0x00800100                PROVIDE (__data_start, .)
 *(.data)
 .data          0x00800100        0x0 c:/winavr-20090313/bin/../lib/gcc/avr/4.3.2/../../../../avr/lib/avr5/crtm328p.o
 .data          0x00800100        0x0 A_APP_Ini.o
 .data          0x00800100        0x0 SYS_iniPort.o
 .data          0x00800100        0x0 SYS_iniCPU.o
 .data          0x00800100        0x0 SYS_iniINT.o
 .data          0x00800100        0x0 A_SYS_Ini.o
 .data          0x00800100        0x0 CRT_icf1_DBG.o
 .data          0x00800100        0x0 A_CRT_Ini.o
 .data          0x00800100        0xa SYS_intCRT_ICF1.o
                0x00800100                TBL_int_icf1
 .data          0x0080010a        0x0 SYS_main.o
 .data          0x0080010a        0x0 SYS_asy.o
 .data          0x0080010a        0x0 SYS_iniWDT.o
 .data          0x0080010a        0x0 CRT_OutDataL.o
 .data          0x0080010a        0x0 CRT_FitDelay.o
 .data          0x0080010a        0x2 APP_blinkLED.o
 .data          0x0080010c        0x0 CRT_OutDataH.o
 .data          0x0080010c        0x0 A_CSL_Ini.o
 .data          0x0080010c        0x0 SYS_iniUSART.o
 .data          0x0080010c        0x0 CSL_Set_test_data.o
 .data          0x0080010c        0x0 CSL_Clear.o
 .data          0x0080010c        0x0 CRT_OutDataCLS.o
 .data          0x0080010c        0x0 CRT_SetDataVrL.o
 .data          0x0080010c        0x0 CRT_Set_VramLine.o
 .data          0x0080010c        0x0 CRT_icf1_GRP160_120.o
 .data          0x0080010c        0x0 APP_Display_ram.o
 .data          0x0080010c        0x0 APP_htoa.o
 .data          0x0080010c        0x0 SYS_iniADC.o
 .data          0x0080010c        0x0 SYS_iniPWM2.o
 .data          0x0080010c        0x0 APP_Check_sts_CRT.o
 .data          0x0080010c        0x0 CSL_Scroll.o
 .data          0x0080010c        0x0 APP_Check_cds_in.o
 .data          0x0080010c        0x0 APP_Check_sts_SYS.o
 .data          0x0080010c        0x0 APP_Sound_CETK.o
 .data          0x0080010c        0x0 APP_Sound_Famima.o
 .data          0x0080010c        0x0 APP_Sound_Polka.o
 .data          0x0080010c        0x0 APP_Set_CSL.o
 .data          0x0080010c        0x0 CSL_Blinkl.o
 .data          0x0080010c        0x0 CSL_Crear_bar.o
 .data          0x0080010c        0x0 CSL_Set_bar_data.o
 .data          0x0080010c        0x0 c:/winavr-20090313/bin/../lib/gcc/avr/4.3.2/avr5\libgcc.a(_udivmodqi4.o)
 .data          0x0080010c        0x0 c:/winavr-20090313/bin/../lib/gcc/avr/4.3.2/avr5\libgcc.a(_exit.o)
 .data          0x0080010c        0x0 c:/winavr-20090313/bin/../lib/gcc/avr/4.3.2/avr5\libgcc.a(_copy_data.o)
 .data          0x0080010c        0x0 c:/winavr-20090313/bin/../lib/gcc/avr/4.3.2/avr5\libgcc.a(_clear_bss.o)
 *(.data*)
 *(.rodata)
 *(.rodata*)
 *(.gnu.linkonce.d*)
                0x0080010c                . = ALIGN (0x2)
                0x0080010c                _edata = .
                0x0080010c                PROVIDE (__data_end, .)

.bss            0x0080010c      0x11a
                0x0080010c                PROVIDE (__bss_start, .)
 *(.bss)
 .bss           0x0080010c        0x0 c:/winavr-20090313/bin/../lib/gcc/avr/4.3.2/../../../../avr/lib/avr5/crtm328p.o
 .bss           0x0080010c        0x0 A_APP_Ini.o
 .bss           0x0080010c        0x0 SYS_iniPort.o
 .bss           0x0080010c        0x0 SYS_iniCPU.o
 .bss           0x0080010c        0x0 SYS_iniINT.o
 .bss           0x0080010c        0x0 A_SYS_Ini.o
 .bss           0x0080010c        0x0 CRT_icf1_DBG.o
 .bss           0x0080010c        0x0 A_CRT_Ini.o
 .bss           0x0080010c        0x0 SYS_intCRT_ICF1.o
 .bss           0x0080010c        0x0 SYS_main.o
 .bss           0x0080010c        0x1 SYS_asy.o
 .bss           0x0080010d        0x0 SYS_iniWDT.o
 .bss           0x0080010d        0x0 CRT_OutDataL.o
 .bss           0x0080010d        0x0 CRT_FitDelay.o
 .bss           0x0080010d        0x3 APP_blinkLED.o
 .bss           0x00800110        0x0 CRT_OutDataH.o
 .bss           0x00800110        0x0 A_CSL_Ini.o
 .bss           0x00800110        0x0 SYS_iniUSART.o
 .bss           0x00800110        0x0 CSL_Set_test_data.o
 .bss           0x00800110        0x0 CSL_Clear.o
 .bss           0x00800110        0x0 CRT_OutDataCLS.o
 .bss           0x00800110        0x0 CRT_SetDataVrL.o
 .bss           0x00800110        0x0 CRT_Set_VramLine.o
 .bss           0x00800110        0x0 CRT_icf1_GRP160_120.o
 .bss           0x00800110        0x0 APP_Display_ram.o
 .bss           0x00800110        0x0 APP_htoa.o
 .bss           0x00800110        0x0 SYS_iniADC.o
 .bss           0x00800110        0x0 SYS_iniPWM2.o
 .bss           0x00800110        0x4 APP_Check_sts_CRT.o
 .bss           0x00800114        0x1 CSL_Scroll.o
 .bss           0x00800115        0x1 APP_Check_cds_in.o
 .bss           0x00800116        0x0 APP_Check_sts_SYS.o
 .bss           0x00800116        0x0 APP_Sound_CETK.o
 .bss           0x00800116        0x0 APP_Sound_Famima.o
 .bss           0x00800116        0x0 APP_Sound_Polka.o
 .bss           0x00800116        0x0 APP_Set_CSL.o
 .bss           0x00800116        0x1 CSL_Blinkl.o
 .bss           0x00800117        0x0 CSL_Crear_bar.o
 .bss           0x00800117        0x0 CSL_Set_bar_data.o
 .bss           0x00800117        0x0 c:/winavr-20090313/bin/../lib/gcc/avr/4.3.2/avr5\libgcc.a(_udivmodqi4.o)
 .bss           0x00800117        0x0 c:/winavr-20090313/bin/../lib/gcc/avr/4.3.2/avr5\libgcc.a(_exit.o)
 .bss           0x00800117        0x0 c:/winavr-20090313/bin/../lib/gcc/avr/4.3.2/avr5\libgcc.a(_copy_data.o)
 .bss           0x00800117        0x0 c:/winavr-20090313/bin/../lib/gcc/avr/4.3.2/avr5\libgcc.a(_clear_bss.o)
 *(.bss*)
 *(COMMON)
 COMMON         0x00800117       0x2f A_APP_Ini.o
                0x00800117                CSLmodeSYS_1
                0x00800118                UHcycleBlink
                0x0080011a                isLED_ON
                0x0080011b                f_CountStone
                0x0080011c                UB_TMP_data
                0x0080011d                f_sys_mon
                0x0080011e                UBC_Stone
                0x0080011f                CSLmodeSYS_n
                0x00800120                UB_PLK_num_n
                0x00800121                UBC_wave_negi
                0x00800122                f_scroll_req
                0x00800123                UB_AD_cds_1
                0x00800124                f_cds_dark
                0x00800125                UB_Mes_Stone
                0x0080012f                f_mon_req
                0x00800130                p_scl_tbl
                0x00800131                UBcommand
                0x00800132                UB_AD_cds
                0x00800133                UHcount_blinkLMT
                0x00800135                f_Sound_on_req
                0x00800136                UBmodeCRT
                0x00800137                UBmodeCRTtbl
                0x00800138                UH_Tclock
                0x0080013a                f_done_CSL
                0x0080013b                UB_p_Stone
                0x0080013c                UBC_stsCRT_limit
                0x0080013d                UHcount_blink
                0x0080013f                UBmodeSYS
                0x00800140                UB_CETK_num_n
                0x00800141                UBT_CheckSTBY
                0x00800142                f_blink_req
                0x00800143                UB_isCSL_MON
                0x00800144                UBT_Change_CSL
                0x00800145                UB_FAM_num_n
 COMMON         0x00800146        0x6 A_SYS_Ini.o
                0x00800146                UBCT_500ms
                0x00800147                UB_DLY_icf1_BUF
                0x00800148                f_SYS_16500us_req
                0x00800149                UH_TCNT1
                0x0080014b                UB_DLY_icf1
 COMMON         0x0080014c       0xda A_CRT_Ini.o
                0x0080014c                vram_line
                0x008001ec                UH_AddressGRPdata
                0x008001ee                vram_txtbuf
                0x00800202                UH_AddressCG
                0x00800204                UB_cg_line
                0x00800205                p_vram
                0x00800207                UH_AddressVr
                0x00800209                UB_grp_num
                0x0080020a                UB_char_line
                0x0080020b                UH_cg_ofs_add
                0x0080020d                UB_csl_line
                0x0080020e                UB_h_line
                0x0080020f                UH_h_line
                0x00800211                UB_thin_n
                0x00800212                vram_txt
                0x00800226                PROVIDE (__bss_end, .)
                0x000077e6                __data_load_start = LOADADDR (.data)
                0x000077f2                __data_load_end = (__data_load_start + SIZEOF (.data))

.noinit         0x00800226        0x0
                0x00800226                PROVIDE (__noinit_start, .)
 *(.noinit*)
                0x00800226                PROVIDE (__noinit_end, .)
                0x00800226                _end = .
                0x00800226                PROVIDE (__heap_start, .)

.eeprom         0x00810000        0x0
 *(.eeprom*)
                0x00810000                __eeprom_end = .

.fuse
 *(.fuse)
 *(.lfuse)
 *(.hfuse)
 *(.efuse)

.lock
 *(.lock*)

.signature
 *(.signature*)

.stab
 *(.stab)

.stabstr
 *(.stabstr)

.stab.excl
 *(.stab.excl)

.stab.exclstr
 *(.stab.exclstr)

.stab.index
 *(.stab.index)

.stab.indexstr
 *(.stab.indexstr)

.comment
 *(.comment)

.debug
 *(.debug)

.line
 *(.line)

.debug_srcinfo
 *(.debug_srcinfo)

.debug_sfnames
 *(.debug_sfnames)

.debug_aranges  0x00000000      0x420
 *(.debug_aranges)
 .debug_aranges
                0x00000000       0x20 A_APP_Ini.o
 .debug_aranges
                0x00000020       0x20 SYS_iniPort.o
 .debug_aranges
                0x00000040       0x20 SYS_iniCPU.o
 .debug_aranges
                0x00000060       0x20 SYS_iniINT.o
 .debug_aranges
                0x00000080       0x20 A_SYS_Ini.o
 .debug_aranges
                0x000000a0       0x20 CRT_icf1_DBG.o
 .debug_aranges
                0x000000c0       0x20 A_CRT_Ini.o
 .debug_aranges
                0x000000e0       0x20 SYS_intCRT_ICF1.o
 .debug_aranges
                0x00000100       0x20 SYS_main.o
 .debug_aranges
                0x00000120       0x20 SYS_asy.o
 .debug_aranges
                0x00000140       0x20 SYS_iniWDT.o
 .debug_aranges
                0x00000160       0x20 APP_blinkLED.o
 .debug_aranges
                0x00000180       0x20 A_CSL_Ini.o
 .debug_aranges
                0x000001a0       0x20 SYS_iniUSART.o
 .debug_aranges
                0x000001c0       0x20 CSL_Set_test_data.o
 .debug_aranges
                0x000001e0       0x20 CSL_Clear.o
 .debug_aranges
                0x00000200       0x20 CRT_Set_VramLine.o
 .debug_aranges
                0x00000220       0x20 CRT_icf1_GRP160_120.o
 .debug_aranges
                0x00000240       0x20 APP_Display_ram.o
 .debug_aranges
                0x00000260       0x20 APP_htoa.o
 .debug_aranges
                0x00000280       0x20 SYS_iniADC.o
 .debug_aranges
                0x000002a0       0x20 SYS_iniPWM2.o
 .debug_aranges
                0x000002c0       0x20 APP_Check_sts_CRT.o
 .debug_aranges
                0x000002e0       0x20 CSL_Scroll.o
 .debug_aranges
                0x00000300       0x20 APP_Check_cds_in.o
 .debug_aranges
                0x00000320       0x20 APP_Check_sts_SYS.o
 .debug_aranges
                0x00000340       0x20 APP_Sound_CETK.o
 .debug_aranges
                0x00000360       0x20 APP_Sound_Famima.o
 .debug_aranges
                0x00000380       0x20 APP_Sound_Polka.o
 .debug_aranges
                0x000003a0       0x20 APP_Set_CSL.o
 .debug_aranges
                0x000003c0       0x20 CSL_Blinkl.o
 .debug_aranges
                0x000003e0       0x20 CSL_Crear_bar.o
 .debug_aranges
                0x00000400       0x20 CSL_Set_bar_data.o

.debug_pubnames
                0x00000000      0x8ce
 *(.debug_pubnames)
 .debug_pubnames
                0x00000000      0x2ba A_APP_Ini.o
 .debug_pubnames
                0x000002ba       0x22 SYS_iniPort.o
 .debug_pubnames
                0x000002dc       0x21 SYS_iniCPU.o
 .debug_pubnames
                0x000002fd       0x21 SYS_iniINT.o
 .debug_pubnames
                0x0000031e       0x76 A_SYS_Ini.o
 .debug_pubnames
                0x00000394       0x23 CRT_icf1_DBG.o
 .debug_pubnames
                0x000003b7      0x130 A_CRT_Ini.o
 .debug_pubnames
                0x000004e7       0x33 SYS_intCRT_ICF1.o
 .debug_pubnames
                0x0000051a       0x1b SYS_main.o
 .debug_pubnames
                0x00000535       0x1e SYS_asy.o
 .debug_pubnames
                0x00000553       0x21 SYS_iniWDT.o
 .debug_pubnames
                0x00000574       0x23 APP_blinkLED.o
 .debug_pubnames
                0x00000597       0x5c A_CSL_Ini.o
 .debug_pubnames
                0x000005f3       0x23 SYS_iniUSART.o
 .debug_pubnames
                0x00000616       0x28 CSL_Set_test_data.o
 .debug_pubnames
                0x0000063e       0x20 CSL_Clear.o
 .debug_pubnames
                0x0000065e       0x27 CRT_Set_VramLine.o
 .debug_pubnames
                0x00000685       0x2a CRT_icf1_GRP160_120.o
 .debug_pubnames
                0x000006af       0x26 APP_Display_ram.o
 .debug_pubnames
                0x000006d5       0x1f APP_htoa.o
 .debug_pubnames
                0x000006f4       0x21 SYS_iniADC.o
 .debug_pubnames
                0x00000715       0x22 SYS_iniPWM2.o
 .debug_pubnames
                0x00000737       0x28 APP_Check_sts_CRT.o
 .debug_pubnames
                0x0000075f       0x21 CSL_Scroll.o
 .debug_pubnames
                0x00000780       0x27 APP_Check_cds_in.o
 .debug_pubnames
                0x000007a7       0x28 APP_Check_sts_SYS.o
 .debug_pubnames
                0x000007cf       0x25 APP_Sound_CETK.o
 .debug_pubnames
                0x000007f4       0x27 APP_Sound_Famima.o
 .debug_pubnames
                0x0000081b       0x26 APP_Sound_Polka.o
 .debug_pubnames
                0x00000841       0x22 APP_Set_CSL.o
 .debug_pubnames
                0x00000863       0x20 CSL_Blinkl.o
 .debug_pubnames
                0x00000883       0x24 CSL_Crear_bar.o
 .debug_pubnames
                0x000008a7       0x27 CSL_Set_bar_data.o

.debug_info     0x00000000     0x2466
 *(.debug_info)
 .debug_info    0x00000000      0x419 A_APP_Ini.o
 .debug_info    0x00000419       0x83 SYS_iniPort.o
 .debug_info    0x0000049c       0x83 SYS_iniCPU.o
 .debug_info    0x0000051f       0x83 SYS_iniINT.o
 .debug_info    0x000005a2       0xf1 A_SYS_Ini.o
 .debug_info    0x00000693       0xfd CRT_icf1_DBG.o
 .debug_info    0x00000790      0x23c A_CRT_Ini.o
 .debug_info    0x000009cc       0xe3 SYS_intCRT_ICF1.o
 .debug_info    0x00000aaf       0xc5 SYS_main.o
 .debug_info    0x00000b74      0x108 SYS_asy.o
 .debug_info    0x00000c7c       0x83 SYS_iniWDT.o
 .debug_info    0x00000cff       0xec APP_blinkLED.o
 .debug_info    0x00000deb       0xe5 A_CSL_Ini.o
 .debug_info    0x00000ed0       0x83 SYS_iniUSART.o
 .debug_info    0x00000f53      0x1a7 CSL_Set_test_data.o
 .debug_info    0x000010fa       0xdd CSL_Clear.o
 .debug_info    0x000011d7      0x139 CRT_Set_VramLine.o
 .debug_info    0x00001310      0x15c CRT_icf1_GRP160_120.o
 .debug_info    0x0000146c      0x146 APP_Display_ram.o
 .debug_info    0x000015b2       0xa1 APP_htoa.o
 .debug_info    0x00001653       0x83 SYS_iniADC.o
 .debug_info    0x000016d6       0x83 SYS_iniPWM2.o
 .debug_info    0x00001759      0x117 APP_Check_sts_CRT.o
 .debug_info    0x00001870       0xd9 CSL_Scroll.o
 .debug_info    0x00001949      0x189 APP_Check_cds_in.o
 .debug_info    0x00001ad2       0xe8 APP_Check_sts_SYS.o
 .debug_info    0x00001bba      0x1b9 APP_Sound_CETK.o
 .debug_info    0x00001d73      0x1c6 APP_Sound_Famima.o
 .debug_info    0x00001f39      0x1b9 APP_Sound_Polka.o
 .debug_info    0x000020f2      0x10f APP_Set_CSL.o
 .debug_info    0x00002201       0xe2 CSL_Blinkl.o
 .debug_info    0x000022e3       0xbb CSL_Crear_bar.o
 .debug_info    0x0000239e       0xc8 CSL_Set_bar_data.o
 *(.gnu.linkonce.wi.*)

.debug_abbrev   0x00000000     0x10d5
 *(.debug_abbrev)
 .debug_abbrev  0x00000000       0x90 A_APP_Ini.o
 .debug_abbrev  0x00000090       0x48 SYS_iniPort.o
 .debug_abbrev  0x000000d8       0x48 SYS_iniCPU.o
 .debug_abbrev  0x00000120       0x48 SYS_iniINT.o
 .debug_abbrev  0x00000168       0x66 A_SYS_Ini.o
 .debug_abbrev  0x000001ce       0x7f CRT_icf1_DBG.o
 .debug_abbrev  0x0000024d       0x99 A_CRT_Ini.o
 .debug_abbrev  0x000002e6       0xa0 SYS_intCRT_ICF1.o
 .debug_abbrev  0x00000386       0x68 SYS_main.o
 .debug_abbrev  0x000003ee       0x77 SYS_asy.o
 .debug_abbrev  0x00000465       0x48 SYS_iniWDT.o
 .debug_abbrev  0x000004ad       0x82 APP_blinkLED.o
 .debug_abbrev  0x0000052f       0x7f A_CSL_Ini.o
 .debug_abbrev  0x000005ae       0x48 SYS_iniUSART.o
 .debug_abbrev  0x000005f6       0xcf CSL_Set_test_data.o
 .debug_abbrev  0x000006c5       0x9f CSL_Clear.o
 .debug_abbrev  0x00000764       0x97 CRT_Set_VramLine.o
 .debug_abbrev  0x000007fb       0x88 CRT_icf1_GRP160_120.o
 .debug_abbrev  0x00000883       0xda APP_Display_ram.o
 .debug_abbrev  0x0000095d       0x66 APP_htoa.o
 .debug_abbrev  0x000009c3       0x48 SYS_iniADC.o
 .debug_abbrev  0x00000a0b       0x48 SYS_iniPWM2.o
 .debug_abbrev  0x00000a53       0x77 APP_Check_sts_CRT.o
 .debug_abbrev  0x00000aca       0x96 CSL_Scroll.o
 .debug_abbrev  0x00000b60       0x89 APP_Check_cds_in.o
 .debug_abbrev  0x00000be9       0x66 APP_Check_sts_SYS.o
 .debug_abbrev  0x00000c4f       0xcf APP_Sound_CETK.o
 .debug_abbrev  0x00000d1e       0xcf APP_Sound_Famima.o
 .debug_abbrev  0x00000ded       0xcf APP_Sound_Polka.o
 .debug_abbrev  0x00000ebc       0x66 APP_Set_CSL.o
 .debug_abbrev  0x00000f22       0x96 CSL_Blinkl.o
 .debug_abbrev  0x00000fb8       0x87 CSL_Crear_bar.o
 .debug_abbrev  0x0000103f       0x96 CSL_Set_bar_data.o

.debug_line     0x00000000     0x208b
 *(.debug_line)
 .debug_line    0x00000000      0x14c A_APP_Ini.o
 .debug_line    0x0000014c       0xa3 SYS_iniPort.o
 .debug_line    0x000001ef       0x92 SYS_iniCPU.o
 .debug_line    0x00000281       0x7a SYS_iniINT.o
 .debug_line    0x000002fb       0xad A_SYS_Ini.o
 .debug_line    0x000003a8      0x134 CRT_icf1_DBG.o
 .debug_line    0x000004dc       0xe9 A_CRT_Ini.o
 .debug_line    0x000005c5       0xcb SYS_intCRT_ICF1.o
 .debug_line    0x00000690       0xfc SYS_main.o
 .debug_line    0x0000078c      0x15f SYS_asy.o
 .debug_line    0x000008eb       0x92 SYS_iniWDT.o
 .debug_line    0x0000097d       0xec APP_blinkLED.o
 .debug_line    0x00000a69       0xad A_CSL_Ini.o
 .debug_line    0x00000b16       0x94 SYS_iniUSART.o
 .debug_line    0x00000baa      0x19a CSL_Set_test_data.o
 .debug_line    0x00000d44       0xbd CSL_Clear.o
 .debug_line    0x00000e01       0xdc CRT_Set_VramLine.o
 .debug_line    0x00000edd      0x1c7 CRT_icf1_GRP160_120.o
 .debug_line    0x000010a4      0x130 APP_Display_ram.o
 .debug_line    0x000011d4       0xb0 APP_htoa.o
 .debug_line    0x00001284       0x92 SYS_iniADC.o
 .debug_line    0x00001316       0x93 SYS_iniPWM2.o
 .debug_line    0x000013a9      0x151 APP_Check_sts_CRT.o
 .debug_line    0x000014fa       0xce CSL_Scroll.o
 .debug_line    0x000015c8      0x230 APP_Check_cds_in.o
 .debug_line    0x000017f8       0xdd APP_Check_sts_SYS.o
 .debug_line    0x000018d5      0x153 APP_Sound_CETK.o
 .debug_line    0x00001a28      0x165 APP_Sound_Famima.o
 .debug_line    0x00001b8d      0x15c APP_Sound_Polka.o
 .debug_line    0x00001ce9      0x13f APP_Set_CSL.o
 .debug_line    0x00001e28       0xce CSL_Blinkl.o
 .debug_line    0x00001ef6       0xc1 CSL_Crear_bar.o
 .debug_line    0x00001fb7       0xd4 CSL_Set_bar_data.o

.debug_frame    0x00000000      0x420
 *(.debug_frame)
 .debug_frame   0x00000000       0x20 A_APP_Ini.o
 .debug_frame   0x00000020       0x20 SYS_iniPort.o
 .debug_frame   0x00000040       0x20 SYS_iniCPU.o
 .debug_frame   0x00000060       0x20 SYS_iniINT.o
 .debug_frame   0x00000080       0x20 A_SYS_Ini.o
 .debug_frame   0x000000a0       0x20 CRT_icf1_DBG.o
 .debug_frame   0x000000c0       0x20 A_CRT_Ini.o
 .debug_frame   0x000000e0       0x20 SYS_intCRT_ICF1.o
 .debug_frame   0x00000100       0x20 SYS_main.o
 .debug_frame   0x00000120       0x20 SYS_asy.o
 .debug_frame   0x00000140       0x20 SYS_iniWDT.o
 .debug_frame   0x00000160       0x20 APP_blinkLED.o
 .debug_frame   0x00000180       0x20 A_CSL_Ini.o
 .debug_frame   0x000001a0       0x20 SYS_iniUSART.o
 .debug_frame   0x000001c0       0x20 CSL_Set_test_data.o
 .debug_frame   0x000001e0       0x20 CSL_Clear.o
 .debug_frame   0x00000200       0x20 CRT_Set_VramLine.o
 .debug_frame   0x00000220       0x20 CRT_icf1_GRP160_120.o
 .debug_frame   0x00000240       0x20 APP_Display_ram.o
 .debug_frame   0x00000260       0x20 APP_htoa.o
 .debug_frame   0x00000280       0x20 SYS_iniADC.o
 .debug_frame   0x000002a0       0x20 SYS_iniPWM2.o
 .debug_frame   0x000002c0       0x20 APP_Check_sts_CRT.o
 .debug_frame   0x000002e0       0x20 CSL_Scroll.o
 .debug_frame   0x00000300       0x20 APP_Check_cds_in.o
 .debug_frame   0x00000320       0x20 APP_Check_sts_SYS.o
 .debug_frame   0x00000340       0x20 APP_Sound_CETK.o
 .debug_frame   0x00000360       0x20 APP_Sound_Famima.o
 .debug_frame   0x00000380       0x20 APP_Sound_Polka.o
 .debug_frame   0x000003a0       0x20 APP_Set_CSL.o
 .debug_frame   0x000003c0       0x20 CSL_Blinkl.o
 .debug_frame   0x000003e0       0x20 CSL_Crear_bar.o
 .debug_frame   0x00000400       0x20 CSL_Set_bar_data.o

.debug_str      0x00000000      0x9cf
 *(.debug_str)
 .debug_str     0x00000000      0x297 A_APP_Ini.o
                                0x2cb (size before relaxing)
 .debug_str     0x00000297       0x2b SYS_iniPort.o
                                 0xe1 (size before relaxing)
 .debug_str     0x000002c2       0x29 SYS_iniCPU.o
                                 0xdf (size before relaxing)
 .debug_str     0x000002eb       0x29 SYS_iniINT.o
                                 0xdf (size before relaxing)
 .debug_str     0x00000314       0x65 A_SYS_Ini.o
                                0x11b (size before relaxing)
 .debug_str     0x00000379       0x4f CRT_icf1_DBG.o
                                0x12c (size before relaxing)
 .debug_str     0x000003c8       0xbc A_CRT_Ini.o
                                0x1ae (size before relaxing)
 .debug_str     0x00000484       0x3c SYS_intCRT_ICF1.o
                                0x108 (size before relaxing)
 .debug_str     0x000004c0       0x1d SYS_main.o
                                0x103 (size before relaxing)
 .debug_str     0x000004dd       0x2b SYS_asy.o
                                0x139 (size before relaxing)
 .debug_str     0x00000508       0x29 SYS_iniWDT.o
                                 0xdf (size before relaxing)
 .debug_str     0x00000531       0x29 APP_blinkLED.o
                                0x11e (size before relaxing)
 .debug_str     0x0000055a       0x53 A_CSL_Ini.o
                                0x109 (size before relaxing)
 .debug_str     0x000005ad       0x2d SYS_iniUSART.o
                                 0xe3 (size before relaxing)
 .debug_str     0x000005da       0x5b CSL_Set_test_data.o
                                0x156 (size before relaxing)
 .debug_str     0x00000635       0x2e CSL_Clear.o
                                 0xf0 (size before relaxing)
 .debug_str     0x00000663       0x31 CRT_Set_VramLine.o
                                0x135 (size before relaxing)
 .debug_str     0x00000694       0x37 CRT_icf1_GRP160_120.o
                                0x179 (size before relaxing)
 .debug_str     0x000006cb       0x4b APP_Display_ram.o
                                0x12d (size before relaxing)
 .debug_str     0x00000716       0x21 APP_htoa.o
                                 0xd7 (size before relaxing)
 .debug_str     0x00000737       0x29 SYS_iniADC.o
                                 0xdf (size before relaxing)
 .debug_str     0x00000760       0x2b SYS_iniPWM2.o
                                 0xe1 (size before relaxing)
 .debug_str     0x0000078b       0x60 APP_Check_sts_CRT.o
                                0x151 (size before relaxing)
 .debug_str     0x000007eb       0x2f CSL_Scroll.o
                                 0xfa (size before relaxing)
 .debug_str     0x0000081a       0x3e APP_Check_cds_in.o
                                0x1a8 (size before relaxing)
 .debug_str     0x00000858       0x33 APP_Check_sts_SYS.o
                                0x13d (size before relaxing)
 .debug_str     0x0000088b       0x2d APP_Sound_CETK.o
                                0x15f (size before relaxing)
 .debug_str     0x000008b8       0x31 APP_Sound_Famima.o
                                0x173 (size before relaxing)
 .debug_str     0x000008e9       0x2f APP_Sound_Polka.o
                                0x162 (size before relaxing)
 .debug_str     0x00000918       0x27 APP_Set_CSL.o
                                0x155 (size before relaxing)
 .debug_str     0x0000093f       0x2c CSL_Blinkl.o
                                 0xf7 (size before relaxing)
 .debug_str     0x0000096b       0x2b CSL_Crear_bar.o
                                 0xeb (size before relaxing)
 .debug_str     0x00000996       0x39 CSL_Set_bar_data.o
                                 0xf9 (size before relaxing)

.debug_loc      0x00000000      0x2bf
 *(.debug_loc)
 .debug_loc     0x00000000       0x1e APP_blinkLED.o
 .debug_loc     0x0000001e      0x14f CSL_Set_test_data.o
 .debug_loc     0x0000016d       0x43 APP_Display_ram.o
 .debug_loc     0x000001b0       0x1e APP_htoa.o
 .debug_loc     0x000001ce       0x49 APP_Sound_CETK.o
 .debug_loc     0x00000217       0x54 APP_Sound_Famima.o
 .debug_loc     0x0000026b       0x54 APP_Sound_Polka.o

.debug_macinfo
 *(.debug_macinfo)
OUTPUT(ELJ09.elf elf32-avr)
LOAD linker stubs
